// Jest Snapshot v1, https://goo.gl/fbAQLP

exports[`App renders correctly 1`] = `
<RNCSafeAreaProvider
  onInsetsChange={[Function]}
  style={
    Array [
      Object {
        "flex": 1,
      },
      undefined,
    ]
  }
>
  <RNSScreenStack
    style={
      Object {
        "flex": 1,
      }
    }
  >
    <RNSScreen
      collapsable={false}
      forwardedRef={[Function]}
      nativeID="animatedComponent"
      onAppear={[Function]}
      onDisappear={[Function]}
      onDismissed={[Function]}
      onWillDisappear={[Function]}
      replaceAnimation="push"
      stackPresentation="push"
      style={
        Object {
          "bottom": 0,
          "left": 0,
          "position": "absolute",
          "right": 0,
          "top": 0,
        }
      }
    >
      <RNSScreenStackHeaderConfig
        backButtonInCustomView={false}
        backgroundColor="#88C1CB"
        color="#fff"
        direction="ltr"
        disableBackButtonMenu={false}
        hidden={false}
        hideBackButton={false}
        hideShadow={false}
        largeTitleHideShadow={false}
        title="Main"
        titleColor="#fff"
        titleFontWeight="bold"
        topInsetEnabled={false}
        translucent={false}
      />
      <View
        style={
          Array [
            Object {
              "flex": 1,
            },
            Object {
              "backgroundColor": "rgb(242, 242, 242)",
            },
            undefined,
          ]
        }
      >
        <View
          style={
            Object {
              "alignItems": "center",
              "flex": 1,
              "flexDirection": "row",
              "flexWrap": "wrap",
              "justifyContent": "center",
            }
          }
        >
          <View
            accessible={true}
            collapsable={false}
            focusable={true}
            nativeID="animatedComponent"
            onClick={[Function]}
            onResponderGrant={[Function]}
            onResponderMove={[Function]}
            onResponderRelease={[Function]}
            onResponderTerminate={[Function]}
            onResponderTerminationRequest={[Function]}
            onStartShouldSetResponder={[Function]}
            style={
              Object {
                "alignItems": "center",
                "backgroundColor": "transparent",
                "justifyContent": "center",
                "opacity": 1,
                "paddingTop": "50%",
                "position": "relative",
                "width": "50%",
              }
            }
          >
            <View
              style={
                Object {
                  "alignItems": "center",
                  "justifyContent": "center",
                  "position": "absolute",
                }
              }
            >
              <MockedFontAwesomeIcons
                color="#323232"
                name="edit"
                size={50}
              />
              <Text>
                Add User
              </Text>
            </View>
          </View>
          <View
            accessible={true}
            collapsable={false}
            focusable={true}
            nativeID="animatedComponent"
            onClick={[Function]}
            onResponderGrant={[Function]}
            onResponderMove={[Function]}
            onResponderRelease={[Function]}
            onResponderTerminate={[Function]}
            onResponderTerminationRequest={[Function]}
            onStartShouldSetResponder={[Function]}
            style={
              Object {
                "alignItems": "center",
                "backgroundColor": "transparent",
                "justifyContent": "center",
                "opacity": 1,
                "paddingTop": "50%",
                "position": "relative",
                "width": "50%",
              }
            }
          >
            <View
              style={
                Object {
                  "alignItems": "center",
                  "justifyContent": "center",
                  "position": "absolute",
                }
              }
            >
              <MockedFontAwesomeIcons
                color="#323232"
                name="users"
                size={50}
              />
              <Text>
                All Users
              </Text>
            </View>
          </View>
          <View
            accessible={true}
            collapsable={false}
            focusable={true}
            nativeID="animatedComponent"
            onClick={[Function]}
            onResponderGrant={[Function]}
            onResponderMove={[Function]}
            onResponderRelease={[Function]}
            onResponderTerminate={[Function]}
            onResponderTerminationRequest={[Function]}
            onStartShouldSetResponder={[Function]}
            style={
              Object {
                "alignItems": "center",
                "backgroundColor": "transparent",
                "justifyContent": "center",
                "opacity": 1,
                "paddingTop": "50%",
                "position": "relative",
                "width": "50%",
              }
            }
          >
            <View
              style={
                Object {
                  "alignItems": "center",
                  "justifyContent": "center",
                  "position": "absolute",
                }
              }
            >
              <MockedFontAwesomeIcons
                color="#323232"
                name="info"
                size={50}
              />
              <Text>
                Device Info
              </Text>
            </View>
          </View>
          <View
            accessible={true}
            collapsable={false}
            focusable={true}
            nativeID="animatedComponent"
            onClick={[Function]}
            onResponderGrant={[Function]}
            onResponderMove={[Function]}
            onResponderRelease={[Function]}
            onResponderTerminate={[Function]}
            onResponderTerminationRequest={[Function]}
            onStartShouldSetResponder={[Function]}
            style={
              Object {
                "alignItems": "center",
                "backgroundColor": "transparent",
                "justifyContent": "center",
                "opacity": 1,
                "paddingTop": "50%",
                "position": "relative",
                "width": "50%",
              }
            }
          >
            <View
              style={
                Object {
                  "alignItems": "center",
                  "justifyContent": "center",
                  "position": "absolute",
                }
              }
            >
              <MockedFontAwesomeIcons
                color="#323232"
                name="camera"
                size={50}
              />
              <Text>
                Camera
              </Text>
            </View>
          </View>
          <View
            accessible={true}
            collapsable={false}
            focusable={true}
            nativeID="animatedComponent"
            onClick={[Function]}
            onResponderGrant={[Function]}
            onResponderMove={[Function]}
            onResponderRelease={[Function]}
            onResponderTerminate={[Function]}
            onResponderTerminationRequest={[Function]}
            onStartShouldSetResponder={[Function]}
            style={
              Object {
                "alignItems": "center",
                "backgroundColor": "transparent",
                "justifyContent": "center",
                "opacity": 1,
                "paddingTop": "50%",
                "position": "relative",
                "width": "50%",
              }
            }
          >
            <View
              style={
                Object {
                  "alignItems": "center",
                  "justifyContent": "center",
                  "position": "absolute",
                }
              }
            >
              <MockedFontAwesomeIcons
                color="#323232"
                name="photo"
                size={50}
              />
              <Text>
                Pictures
              </Text>
            </View>
          </View>
          <View
            accessible={true}
            collapsable={false}
            focusable={true}
            nativeID="animatedComponent"
            onClick={[Function]}
            onResponderGrant={[Function]}
            onResponderMove={[Function]}
            onResponderRelease={[Function]}
            onResponderTerminate={[Function]}
            onResponderTerminationRequest={[Function]}
            onStartShouldSetResponder={[Function]}
            style={
              Object {
                "alignItems": "center",
                "backgroundColor": "transparent",
                "justifyContent": "center",
                "opacity": 1,
                "paddingTop": "50%",
                "position": "relative",
                "width": "50%",
              }
            }
          >
            <View
              style={
                Object {
                  "alignItems": "center",
                  "justifyContent": "center",
                  "position": "absolute",
                }
              }
            >
              <MockedFontAwesomeIcons
                color="#323232"
                name="photo"
                size={50}
              />
              <Text>
                Crypto
              </Text>
            </View>
          </View>
        </View>
      </View>
    </RNSScreen>
  </RNSScreenStack>
</RNCSafeAreaProvider>
`;
